{
 "topk": {
  "k1": {
   "coverage_mean": 0.9002385986106917,
   "set_size_mean": 1.2154001812141346,
   "worst_pool": {
    "pool": "15",
    "coverage_mean": 0.8960062066840031,
    "se": 0.00272215885995005,
    "mean_n_test": 495.98
   }
  },
  "k2": {
   "coverage_mean": 0.9465916641498037,
   "set_size_mean": 1.2690365448504983,
   "worst_pool": {
    "pool": "2,13",
    "coverage_mean": 0.8482977035629129,
    "se": 0.0008732408184950542,
    "mean_n_test": 1154.46
   }
  },
  "k4": {
   "coverage_mean": 0.9348172757475082,
   "set_size_mean": 1.236754756871036,
   "worst_pool": {
    "pool": "2,5,10,13",
    "coverage_mean": 0.7664744582099067,
    "se": 0.0034414302752612423,
    "mean_n_test": 1168.2
   }
  }
 },
 "balanced": {
  "M8": {
   "brier": 0.0011943872399712869,
   "brier_ci95": [
    0.0010542218678401892,
    0.0013345526121023845
   ],
   "worst_cell": 0.003488528634233623,
   "worst_cell_ci95": [
    -0.0019782806172562663,
    0.008955337885723513
   ]
  },
  "M16": {
   "brier": 0.00010740082175449971,
   "brier_ci95": [
    3.77401785862769e-05,
    0.00017706146492272253
   ],
   "worst_cell": 0.0018561788077332386,
   "worst_cell_ci95": [
    -0.005193982481097057,
    0.008906340096563534
   ]
  },
  "M32": {
   "brier": 1.9012673973528572e-07,
   "brier_ci95": [
    -6.186957546367597e-05,
    6.224982894314653e-05
   ],
   "worst_cell": 0.003985881113076817,
   "worst_cell_ci95": [
    -0.004994048572549609,
    0.012965810798703244
   ]
  }
 },
 "discrete": {
  "x1_d1": 1.0,
  "x1_d2": 1.0,
  "e1x_q": 1.0,
  "e1x_qa": 1.0,
  "e3x_probe": 1.0
 }
}
