Note that running a local entrypoint in detached mode only keeps the last triggered Modal function alive after the parent process has been killed or disconnected.
✓ Initialized. View run at 
https://modal.com/apps/cril-nlp/main/ap-bX741Wr0ExtZkCXzh6HXne
✓ Created objects.
├── 🔨 Created mount 
│   /Users/tanmoy/research/OOD_detection/OVA_ARR/mondrian/extraction/popqa_lette
│   r11_extract.py
├── 🔨 Created mount 
│   /Users/tanmoy/research/OOD_detection/OVA_ARR/mondrian/inputs/popqa_letter11
└── 🔨 Created function extract_model.
[transformers] `torch_dtype` is deprecated! Use `dtype` instead!

[1ALoading weights:   0%|          | 0/291 [00:00<?, ?it/s]
[1ALoading weights:   0%|          | 1/291 [00:03<15:53,  3.29s/it]
[1ALoading weights:   5%|▌         | 15/291 [00:04<01:07,  4.09it/s]
[1ALoading weights:  11%|█         | 32/291 [00:04<00:26,  9.83it/s]
[1ALoading weights:  12%|█▏        | 36/291 [00:05<00:25,  9.90it/s]
[1ALoading weights:  13%|█▎        | 39/291 [00:05<00:23, 10.92it/s]
[1ALoading weights:  14%|█▍        | 42/291 [00:05<00:27,  9.14it/s]
[1ALoading weights:  17%|█▋        | 49/291 [00:06<00:17, 13.45it/s]
[1ALoading weights:  18%|█▊        | 53/291 [00:06<00:18, 13.21it/s]
[1ALoading weights:  20%|█▉        | 58/291 [00:06<00:14, 16.01it/s]
[1ALoading weights:  21%|██        | 61/291 [00:07<00:28,  8.17it/s]
[1ALoading weights:  23%|██▎       | 67/291 [00:09<00:47,  4.72it/s]
[1ALoading weights:  26%|██▌       | 76/291 [00:10<00:28,  7.47it/s]
[1ALoading weights:  27%|██▋       | 78/291 [00:11<00:37,  5.65it/s]
[1ALoading weights:  28%|██▊       | 81/291 [00:11<00:37,  5.64it/s]
[1ALoading weights:  35%|███▌      | 103/291 [00:11<00:11, 16.50it/s]
[1ALoading weights:  38%|███▊      | 112/291 [00:11<00:08, 20.40it/s]
[1ALoading weights:  41%|████      | 118/291 [00:12<00:07, 23.41it/s]
[1ALoading weights:  43%|████▎     | 124/291 [00:12<00:06, 24.69it/s]
[1ALoading weights:  45%|████▌     | 132/291 [00:12<00:05, 29.95it/s]
[1ALoading weights:  48%|████▊     | 139/291 [00:12<00:04, 34.83it/s]
[1ALoading weights:  51%|█████     | 148/291 [00:12<00:03, 39.75it/s]
[1ALoading weights:  53%|█████▎    | 154/291 [00:12<00:03, 42.72it/s]
[1ALoading weights:  55%|█████▍    | 160/291 [00:12<00:03, 41.59it/s]
[1ALoading weights:  57%|█████▋    | 167/291 [00:13<00:03, 41.26it/s]
[1ALoading weights:  60%|██████    | 176/291 [00:13<00:02, 40.92it/s]
[1ALoading weights:  64%|██████▍   | 186/291 [00:13<00:02, 48.59it/s]
[1ALoading weights:  67%|██████▋   | 194/291 [00:13<00:01, 50.10it/s]
[1ALoading weights:  69%|██████▉   | 202/291 [00:13<00:01, 52.53it/s]
[1ALoading weights:  71%|███████▏  | 208/291 [00:13<00:01, 53.91it/s]
[1ALoading weights:  74%|███████▎  | 214/291 [00:14<00:01, 49.54it/s]
[1ALoading weights:  76%|███████▌  | 221/291 [00:14<00:01, 53.93it/s]
[1ALoading weights:  79%|███████▊  | 229/291 [00:14<00:01, 55.56it/s]
[1ALoading weights:  82%|████████▏ | 238/291 [00:14<00:00, 57.07it/s]
[1ALoading weights:  84%|████████▍ | 244/291 [00:14<00:00, 56.99it/s]
[1ALoading weights:  86%|████████▌ | 250/291 [00:14<00:00, 48.60it/s]
[1ALoading weights:  89%|████████▊ | 258/291 [00:14<00:00, 51.23it/s]
[1ALoading weights:  91%|█████████▏| 266/291 [00:14<00:00, 54.66it/s]
[1ALoading weights:  94%|█████████▍| 274/291 [00:15<00:00, 56.17it/s]
[1ALoading weights:  96%|█████████▌| 280/291 [00:15<00:00, 56.46it/s]
[1ALoading weights:  98%|█████████▊| 286/291 [00:15<00:00, 54.02it/s]
[1ALoading weights: 100%|██████████| 291/291 [00:15<00:00, 19.01it/s]
[transformers] `torch_dtype` is deprecated! Use `dtype` instead!

[1ALoading weights:   0%|          | 0/291 [00:00<?, ?it/s]
[1ALoading weights:   0%|          | 1/291 [00:01<06:27,  1.34s/it]
[1ALoading weights:   1%|          | 2/291 [00:01<03:17,  1.46it/s]
[1ALoading weights:  14%|█▎        | 40/291 [00:01<00:06, 40.18it/s]
[1ALoading weights:  18%|█▊        | 51/291 [00:02<00:06, 39.80it/s]
[1ALoading weights:  21%|██        | 60/291 [00:02<00:05, 42.23it/s]
[1ALoading weights:  23%|██▎       | 68/291 [00:02<00:05, 41.84it/s]
[1ALoading weights:  26%|██▋       | 77/291 [00:02<00:04, 49.02it/s]
[1ALoading weights:  29%|██▉       | 85/291 [00:02<00:04, 46.31it/s]
[1ALoading weights:  32%|███▏      | 94/291 [00:02<00:03, 49.50it/s]
[1ALoading weights:  35%|███▌      | 103/291 [00:02<00:03, 51.50it/s]
[1ALoading weights:  38%|███▊      | 112/291 [00:03<00:03, 50.91it/s]
[1ALoading weights:  41%|████      | 118/291 [00:03<00:03, 51.83it/s]
[1ALoading weights:  43%|████▎     | 124/291 [00:03<00:03, 47.60it/s]
[1ALoading weights:  45%|████▌     | 131/291 [00:03<00:03, 43.50it/s]
[1ALoading weights:  48%|████▊     | 141/291 [00:03<00:03, 47.17it/s]
[1ALoading weights:  51%|█████     | 149/291 [00:04<00:03, 45.07it/s]
[1ALoading weights:  55%|█████▍    | 159/291 [00:04<00:02, 52.24it/s]
[1ALoading weights:  57%|█████▋    | 167/291 [00:04<00:02, 55.20it/s]
[1ALoading weights:  60%|██████    | 175/291 [00:04<00:02, 56.28it/s]
[1ALoading weights:  63%|██████▎   | 184/291 [00:04<00:02, 52.84it/s]
[1ALoading weights:  66%|██████▋   | 193/291 [00:04<00:01, 55.07it/s]
[1ALoading weights:  69%|██████▉   | 202/291 [00:04<00:01, 56.00it/s]
[1ALoading weights:  71%|███████▏  | 208/291 [00:05<00:01, 55.98it/s]
[1ALoading weights:  74%|███████▎  | 214/291 [00:05<00:01, 51.68it/s]
[1ALoading weights:  76%|███████▌  | 220/291 [00:05<00:01, 49.78it/s]
[1ALoading weights:  79%|███████▊  | 229/291 [00:05<00:01, 51.84it/s]
[1ALoading weights:  81%|████████  | 235/291 [00:05<00:01, 53.51it/s]
[1ALoading weights:  83%|████████▎ | 241/291 [00:05<00:01, 48.32it/s]
[1ALoading weights:  86%|████████▌ | 249/291 [00:05<00:00, 49.88it/s]
[1ALoading weights:  88%|████████▊ | 257/291 [00:06<00:00, 49.87it/s]
[1ALoading weights:  91%|█████████▏| 266/291 [00:06<00:00, 53.16it/s]
[1ALoading weights:  94%|█████████▍| 274/291 [00:06<00:00, 53.01it/s]
[1ALoading weights:  97%|█████████▋| 283/291 [00:06<00:00, 51.24it/s]
[1ALoading weights: 100%|██████████| 291/291 [00:06<00:00, 44.34it/s]
[transformers] `torch_dtype` is deprecated! Use `dtype` instead!

[1ALoading weights:   0%|          | 0/339 [00:00<?, ?it/s]
[1ALoading weights:   0%|          | 1/339 [00:01<08:48,  1.56s/it]
[1ALoading weights:  15%|█▌        | 52/339 [00:01<00:07, 40.68it/s]
[1ALoading weights:  21%|██        | 70/339 [00:01<00:05, 47.54it/s]
[1ALoading weights:  24%|██▍       | 83/339 [00:02<00:05, 51.19it/s]
[1ALoading weights:  28%|██▊       | 94/339 [00:02<00:04, 53.97it/s]
[1ALoading weights:  30%|███       | 103/339 [00:02<00:04, 53.67it/s]
[1ALoading weights:  33%|███▎      | 113/339 [00:02<00:04, 55.17it/s]
[1ALoading weights:  37%|███▋      | 125/339 [00:02<00:03, 63.70it/s]
[1ALoading weights:  40%|████      | 136/339 [00:02<00:02, 72.29it/s]
[1ALoading weights:  43%|████▎     | 145/339 [00:03<00:02, 71.99it/s]
[1ALoading weights:  45%|████▌     | 154/339 [00:03<00:02, 66.29it/s]
[1ALoading weights:  48%|████▊     | 162/339 [00:03<00:02, 62.26it/s]
[1ALoading weights:  51%|█████     | 173/339 [00:03<00:02, 65.30it/s]
[1ALoading weights:  54%|█████▍    | 184/339 [00:03<00:02, 74.28it/s]
[1ALoading weights:  58%|█████▊    | 196/339 [00:03<00:02, 69.31it/s]
[1ALoading weights:  61%|██████▏   | 208/339 [00:03<00:01, 70.74it/s]
[1ALoading weights:  65%|██████▍   | 220/339 [00:04<00:01, 71.01it/s]
[1ALoading weights:  67%|██████▋   | 228/339 [00:04<00:01, 70.80it/s]
[1ALoading weights:  70%|██████▉   | 236/339 [00:04<00:01, 61.80it/s]
[1ALoading weights:  72%|███████▏  | 245/339 [00:04<00:01, 63.72it/s]
[1ALoading weights:  76%|███████▌  | 257/339 [00:04<00:01, 63.55it/s]
[1ALoading weights:  79%|███████▉  | 269/339 [00:04<00:00, 74.09it/s]
[1ALoading weights:  83%|████████▎ | 280/339 [00:05<00:00, 71.17it/s]
[1ALoading weights:  86%|████████▌ | 292/339 [00:05<00:00, 70.26it/s]
[1ALoading weights:  88%|████████▊ | 300/339 [00:05<00:00, 71.99it/s]
[1ALoading weights:  91%|█████████ | 308/339 [00:05<00:00, 62.58it/s]
[1ALoading weights:  94%|█████████▎| 317/339 [00:05<00:00, 62.15it/s]
[1ALoading weights:  97%|█████████▋| 329/339 [00:05<00:00, 71.96it/s]
[1ALoading weights: 100%|██████████| 339/339 [00:05<00:00, 58.40it/s]
Saved mistral_7b/main/fwd: 7377 questions
Saved qwen2_5_7b/main/fwd: 7377 questions
Saved llama3_8b/main/fwd: 7377 questions
Saved mistral_7b/main/rev: 7377 questions
Saved qwen2_5_7b/main/rev: 7377 questions
Saved llama3_8b/main/rev: 7377 questions
Saved qwen2_5_7b/alt/fwd: 7377 questions
Saved mistral_7b/alt/fwd: 7377 questions
Saved llama3_8b/alt/fwd: 7377 questions
Saved qwen2_5_7b/alt/rev: 7377 questions
Saved mistral_7b/alt/rev: 7377 questions
Saved llama3_8b/alt/rev: 7377 questions
llama3_8b {"model": "llama3_8b", "spot_max_abs_diff": 0.0, "started": "2026-10-03T07:31:24.794283+00:00", "finished": "2026-10-03T08:06:46.697602+00:00"}
mistral_7b {"model": "mistral_7b", "spot_max_abs_diff": 0.0, "started": "2026-10-03T07:31:24.851274+00:00", "finished": "2026-10-03T08:04:21.800523+00:00"}
qwen2_5_7b {"model": "qwen2_5_7b", "spot_max_abs_diff": 0.0, "started": "2026-10-03T07:31:33.712443+00:00", "finished": "2026-10-03T08:03:39.429321+00:00"}
✓ App completed. View run at 
https://modal.com/apps/cril-nlp/main/ap-bX741Wr0ExtZkCXzh6HXne
