✓ Initialized. View run at 
https://modal.com/apps/cril-nlp/main/ap-9ii30UJIcmpgCWtJS610c4
✓ Created objects.
├── 🔨 Created mount 
│   /Users/tanmoy/research/OOD_detection/OVA_ARR/mondrian/extraction/popqa_lette
│   r11_extract.py
├── 🔨 Created mount 
│   /Users/tanmoy/research/OOD_detection/OVA_ARR/mondrian/inputs/popqa_letter11
└── 🔨 Created function extract_model.
[transformers] `torch_dtype` is deprecated! Use `dtype` instead!
[transformers] `torch_dtype` is deprecated! Use `dtype` instead!

[1ALoading weights:   0%|          | 0/291 [00:00<?, ?it/s]
[1ALoading weights:   0%|          | 1/291 [00:01<04:53,  1.01s/it]
[1ALoading weights:   1%|          | 2/291 [00:01<02:24,  2.00it/s]
[1ALoading weights:  14%|█▍        | 41/291 [00:01<00:04, 55.55it/s][transformers] `torch_dtype` is deprecated! Use `dtype` instead!

[1ALoading weights:  19%|█▉        | 56/291 [00:01<00:03, 63.68it/s]
[1ALoading weights:  23%|██▎       | 68/291 [00:01<00:04, 55.38it/s]
[1ALoading weights:  27%|██▋       | 78/291 [00:01<00:03, 57.84it/s]
[1ALoading weights:  30%|██▉       | 87/291 [00:02<00:03, 59.09it/s]
[1ALoading weights:  33%|███▎      | 95/291 [00:02<00:03, 61.09it/s]
[1ALoading weights:  35%|███▌      | 103/291 [00:02<00:03, 62.05it/s]
[1ALoading weights:  38%|███▊      | 112/291 [00:02<00:02, 65.50it/s]
[1ALoading weights:  41%|████      | 120/291 [00:02<00:02, 64.85it/s]
[1ALoading weights:  44%|████▎     | 127/291 [00:02<00:02, 59.08it/s]
[1ALoading weights:  46%|████▋     | 135/291 [00:02<00:02, 63.39it/s]
[1ALoading weights:  49%|████▉     | 142/291 [00:02<00:02, 52.42it/s]
[1ALoading weights:  51%|█████     | 149/291 [00:03<00:02, 50.30it/s]
[1ALoading weights:   0%|          | 0/291 [00:00<?, ?it/s]
[1ALoading weights:  55%|█████▍    | 159/291 [00:03<00:02, 56.02it/s]
[1ALoading weights:  57%|█████▋    | 167/291 [00:03<00:02, 57.28it/s]
[1ALoading weights:  60%|██████    | 176/291 [00:03<00:01, 59.04it/s]
[1ALoading weights:   0%|          | 0/339 [00:00<?, ?it/s]
[1ALoading weights:  64%|██████▍   | 186/291 [00:03<00:01, 60.62it/s]
[1ALoading weights:  67%|██████▋   | 195/291 [00:03<00:01, 67.23it/s]
[1ALoading weights:  70%|██████▉   | 203/291 [00:04<00:01, 54.64it/s]
[1ALoading weights:  73%|███████▎  | 212/291 [00:04<00:01, 59.55it/s]
[1ALoading weights:  76%|███████▌  | 221/291 [00:04<00:01, 62.38it/s]
[1ALoading weights:  79%|███████▉  | 230/291 [00:04<00:01, 59.96it/s]
[1ALoading weights:  82%|████████▏ | 240/291 [00:04<00:00, 61.87it/s]
[1ALoading weights:  85%|████████▌ | 248/291 [00:04<00:00, 60.32it/s]
[1ALoading weights:  89%|████████▊ | 258/291 [00:04<00:00, 63.39it/s]
[1ALoading weights:  91%|█████████▏| 266/291 [00:04<00:00, 62.43it/s]
[1ALoading weights:  95%|█████████▍| 276/291 [00:05<00:00, 63.17it/s]
[1ALoading weights: 100%|██████████| 291/291 [00:05<00:00, 55.61it/s]

[1ALoading weights:   0%|          | 1/291 [00:04<22:21,  4.63s/it]
[1ALoading weights:  14%|█▎        | 40/291 [00:04<00:21, 11.84it/s]
[1ALoading weights:  21%|██        | 61/291 [00:07<00:22, 10.16it/s]
[1ALoading weights:  25%|██▌       | 73/291 [00:07<00:19, 11.23it/s]
[1ALoading weights:   0%|          | 1/339 [00:07<44:53,  7.97s/it]
[1ALoading weights:  12%|█▏        | 42/339 [00:08<00:40,  7.26it/s]
[1ALoading weights:  28%|██▊       | 81/291 [00:08<00:19, 10.89it/s]
[1ALoading weights:  30%|██▉       | 87/291 [00:09<00:18, 10.91it/s]
[1ALoading weights:  32%|███▏      | 94/291 [00:09<00:14, 13.48it/s]
[1ALoading weights:  35%|███▌      | 103/291 [00:09<00:10, 17.57it/s]
[1ALoading weights:  38%|███▊      | 112/291 [00:09<00:08, 21.97it/s]
[1ALoading weights:  17%|█▋        | 57/339 [00:09<00:33,  8.35it/s]
[1ALoading weights:  41%|████      | 119/291 [00:09<00:06, 26.39it/s]
[1ALoading weights:  43%|████▎     | 125/291 [00:10<00:06, 27.61it/s]
[1ALoading weights:  45%|████▌     | 131/291 [00:10<00:05, 31.18it/s]
[1ALoading weights:  48%|████▊     | 139/291 [00:10<00:04, 36.38it/s]
[1ALoading weights:  50%|████▉     | 145/291 [00:10<00:03, 39.75it/s]
[1ALoading weights:  52%|█████▏    | 151/291 [00:10<00:03, 40.44it/s]
[1ALoading weights:  54%|█████▍    | 158/291 [00:10<00:03, 41.49it/s]
[1ALoading weights:  19%|█▉        | 66/339 [00:10<00:32,  8.39it/s]
[1ALoading weights:  57%|█████▋    | 167/291 [00:10<00:02, 45.14it/s]
[1ALoading weights:  60%|██████    | 175/291 [00:10<00:02, 48.63it/s]
[1ALoading weights:  63%|██████▎   | 184/291 [00:11<00:02, 48.70it/s]
[1ALoading weights:  65%|██████▌   | 190/291 [00:11<00:02, 50.21it/s]
[1ALoading weights:  67%|██████▋   | 196/291 [00:11<00:02, 42.95it/s]
[1ALoading weights:  70%|███████   | 204/291 [00:11<00:01, 46.59it/s]
[1ALoading weights:  73%|███████▎  | 212/291 [00:11<00:01, 52.17it/s]
[1ALoading weights:  22%|██▏       | 76/339 [00:11<00:30,  8.76it/s]
[1ALoading weights:  76%|███████▌  | 220/291 [00:11<00:01, 53.99it/s]
[1ALoading weights:  79%|███████▊  | 229/291 [00:12<00:01, 54.89it/s]
[1ALoading weights:  81%|████████  | 235/291 [00:12<00:01, 54.29it/s]
[1ALoading weights:  26%|██▌       | 88/339 [00:11<00:22, 11.35it/s]
[1ALoading weights:  83%|████████▎ | 241/291 [00:12<00:01, 48.33it/s]
[1ALoading weights:  85%|████████▌ | 248/291 [00:12<00:00, 51.89it/s]
[1ALoading weights:  88%|████████▊ | 256/291 [00:12<00:00, 52.83it/s]
[1ALoading weights:  90%|█████████ | 262/291 [00:12<00:00, 52.77it/s]
[1ALoading weights:  92%|█████████▏| 268/291 [00:12<00:00, 45.80it/s]
[1ALoading weights:  27%|██▋       | 92/339 [00:12<00:25,  9.73it/s]
[1ALoading weights:  95%|█████████▍| 275/291 [00:13<00:00, 43.15it/s]
[1ALoading weights:  98%|█████████▊| 284/291 [00:13<00:00, 52.83it/s]
[1ALoading weights: 100%|██████████| 291/291 [00:13<00:00, 22.09it/s]

[1ALoading weights:  30%|██▉       | 101/339 [00:13<00:21, 11.06it/s]
[1ALoading weights:  31%|███       | 104/339 [00:13<00:23, 10.05it/s]
[1ALoading weights:  33%|███▎      | 113/339 [00:14<00:17, 12.64it/s]
[1ALoading weights:  34%|███▍      | 116/339 [00:14<00:17, 12.90it/s]
Saved llama3_8b/main/fwd: 50 questions
[1ALoading weights:  37%|███▋      | 124/339 [00:14<00:13, 16.28it/s]
[1ALoading weights:  37%|███▋      | 127/339 [00:15<00:20, 10.28it/s]
[1ALoading weights:  40%|████      | 136/339 [00:15<00:12, 15.64it/s]
[1ALoading weights:  41%|████▏     | 140/339 [00:16<00:17, 11.63it/s]
[1ALoading weights:  44%|████▎     | 148/339 [00:16<00:12, 15.71it/s]
[1ALoading weights:  45%|████▍     | 151/339 [00:16<00:13, 13.80it/s]
[1ALoading weights:  47%|████▋     | 160/339 [00:16<00:08, 20.48it/s]
[1ALoading weights:  48%|████▊     | 164/339 [00:17<00:13, 13.16it/s]
[1ALoading weights:  51%|█████     | 172/339 [00:17<00:10, 15.96it/s]
[1ALoading weights:  52%|█████▏    | 175/339 [00:18<00:14, 11.23it/s]
Saved llama3_8b/main/rev: 50 questions
[1ALoading weights:  54%|█████▍    | 184/339 [00:19<00:11, 13.29it/s]
[1ALoading weights:  55%|█████▍    | 186/339 [00:19<00:13, 11.72it/s]
[1ALoading weights:  58%|█████▊    | 196/339 [00:19<00:09, 14.61it/s]
[1ALoading weights:  58%|█████▊    | 198/339 [00:20<00:09, 14.42it/s]
[1ALoading weights:  60%|██████    | 205/339 [00:20<00:07, 18.67it/s]
[1ALoading weights:  61%|██████▏   | 208/339 [00:20<00:09, 13.53it/s]
[1ALoading weights:  62%|██████▏   | 210/339 [00:21<00:14,  8.71it/s]
[1ALoading weights:  65%|██████▍   | 220/339 [00:21<00:07, 16.31it/s]
[1ALoading weights:  66%|██████▌   | 224/339 [00:21<00:08, 14.14it/s]
[1ALoading weights:  68%|██████▊   | 232/339 [00:22<00:06, 17.71it/s]
[1ALoading weights:  69%|██████▉   | 235/339 [00:22<00:07, 14.42it/s]
[1ALoading weights:  72%|███████▏  | 245/339 [00:22<00:04, 22.22it/s]
Saved llama3_8b/alt/fwd: 50 questions
[1ALoading weights:  73%|███████▎  | 249/339 [00:23<00:04, 18.45it/s]
[1ALoading weights:  76%|███████▌  | 256/339 [00:23<00:04, 18.86it/s]
[1ALoading weights:  76%|███████▋  | 259/339 [00:23<00:05, 13.47it/s]
[1ALoading weights:  79%|███████▉  | 268/339 [00:24<00:06, 11.38it/s]
Saved mistral_7b/main/fwd: 50 questions
[1ALoading weights:  80%|███████▉  | 270/339 [00:25<00:06, 10.98it/s]
[1ALoading weights:  83%|████████▎ | 280/339 [00:25<00:04, 13.48it/s]
[1ALoading weights:  85%|████████▍ | 288/339 [00:25<00:02, 17.85it/s]
[1ALoading weights:  86%|████████▌ | 292/339 [00:26<00:02, 16.52it/s]
llama3_8b {"model": "llama3_8b", "spot_max_abs_diff": 0.0, "started": "2026-10-03T07:29:39.605199+00:00", "finished": "2026-10-03T07:30:13.683242+00:00"}
Saved llama3_8b/alt/rev: 50 questions
[1ALoading weights:  87%|████████▋ | 295/339 [00:27<00:04, 10.11it/s]
[1ALoading weights:  90%|█████████ | 306/339 [00:27<00:02, 14.39it/s]
[1ALoading weights:  94%|█████████▎| 317/339 [00:28<00:01, 16.16it/s]
[1ALoading weights:  97%|█████████▋| 329/339 [00:28<00:00, 20.27it/s]
[1ALoading weights: 100%|██████████| 339/339 [00:28<00:00, 11.91it/s]
Saved mistral_7b/main/rev: 50 questions
Saved mistral_7b/alt/fwd: 50 questions
Saved mistral_7b/alt/rev: 50 questions
mistral_7b {"model": "mistral_7b", "spot_max_abs_diff": 0.0, "started": "2026-10-03T07:29:39.142480+00:00", "finished": "2026-10-03T07:30:23.483908+00:00"}
Saved qwen2_5_7b/main/fwd: 50 questions
Saved qwen2_5_7b/main/rev: 50 questions
Saved qwen2_5_7b/alt/fwd: 50 questions
Saved qwen2_5_7b/alt/rev: 50 questions
qwen2_5_7b {"model": "qwen2_5_7b", "spot_max_abs_diff": 0.0, "started": "2026-10-03T07:29:41.018401+00:00", "finished": "2026-10-03T07:30:46.043605+00:00"}
Stopping app - local entrypoint completed.
✓ App completed. View run at 
https://modal.com/apps/cril-nlp/main/ap-9ii30UJIcmpgCWtJS610c4
